// Jest Snapshot v1, https://jestjs.io/docs/snapshot-testing

exports[`Button snapshot Verifica o snapshot 1`] = `
<div>
  <button
    class="cursor-pointer bg-blue-600 text-white font-semibold py-2 px-4 rounded disabled:opacity-50 buttonTeste"
  >
    Clique button
  </button>
</div>
`;
